// Vitest Snapshot v1, https://vitest.dev/guide/snapshot.html

exports[`Homepage should match it's snapshot 1`] = `
{
  "asFragment": [Function],
  "baseElement": <body>
    <div />
    <div>
      <div
        class=" flex h-screen flex-col justify-start"
      >
        <div
          class="flex items-center  justify-around bg-slate-500"
        >
          <button
            class="button-theme"
            data-testid="add-workout-button"
          >
            Add Workout
          </button>
          <button
            class="button-theme"
          >
            Logout
          </button>
        </div>
        <div
          class="grid h-screen grid-cols-1 gap-1 overflow-y-auto sm:grid-cols-2 lg:grid-cols-4"
        >
          <div
            class="fixed top-1/2 left-1/2 -translate-x-1/2 -translate-y-1/2 transform rounded-lg border-2 border-blue-500 bg-white p-6 text-blue-400"
            data-testid="no-workouts"
          >
            Add a workout in the top left corner to begin
          </div>
        </div>
      </div>
    </div>
  </body>,
  "container": <div>
    <div
      class=" flex h-screen flex-col justify-start"
    >
      <div
        class="flex items-center  justify-around bg-slate-500"
      >
        <button
          class="button-theme"
          data-testid="add-workout-button"
        >
          Add Workout
        </button>
        <button
          class="button-theme"
        >
          Logout
        </button>
      </div>
      <div
        class="grid h-screen grid-cols-1 gap-1 overflow-y-auto sm:grid-cols-2 lg:grid-cols-4"
      >
        <div
          class="fixed top-1/2 left-1/2 -translate-x-1/2 -translate-y-1/2 transform rounded-lg border-2 border-blue-500 bg-white p-6 text-blue-400"
          data-testid="no-workouts"
        >
          Add a workout in the top left corner to begin
        </div>
      </div>
    </div>
  </div>,
  "debug": [Function],
  "findAllByAltText": [Function],
  "findAllByDisplayValue": [Function],
  "findAllByLabelText": [Function],
  "findAllByPlaceholderText": [Function],
  "findAllByRole": [Function],
  "findAllByTestId": [Function],
  "findAllByText": [Function],
  "findAllByTitle": [Function],
  "findByAltText": [Function],
  "findByDisplayValue": [Function],
  "findByLabelText": [Function],
  "findByPlaceholderText": [Function],
  "findByRole": [Function],
  "findByTestId": [Function],
  "findByText": [Function],
  "findByTitle": [Function],
  "getAllByAltText": [Function],
  "getAllByDisplayValue": [Function],
  "getAllByLabelText": [Function],
  "getAllByPlaceholderText": [Function],
  "getAllByRole": [Function],
  "getAllByTestId": [Function],
  "getAllByText": [Function],
  "getAllByTitle": [Function],
  "getByAltText": [Function],
  "getByDisplayValue": [Function],
  "getByLabelText": [Function],
  "getByPlaceholderText": [Function],
  "getByRole": [Function],
  "getByTestId": [Function],
  "getByText": [Function],
  "getByTitle": [Function],
  "queryAllByAltText": [Function],
  "queryAllByDisplayValue": [Function],
  "queryAllByLabelText": [Function],
  "queryAllByPlaceholderText": [Function],
  "queryAllByRole": [Function],
  "queryAllByTestId": [Function],
  "queryAllByText": [Function],
  "queryAllByTitle": [Function],
  "queryByAltText": [Function],
  "queryByDisplayValue": [Function],
  "queryByLabelText": [Function],
  "queryByPlaceholderText": [Function],
  "queryByRole": [Function],
  "queryByTestId": [Function],
  "queryByText": [Function],
  "queryByTitle": [Function],
  "rerender": [Function],
  "unmount": [Function],
}
`;
